// Jest Snapshot v1, https://goo.gl/fbAQLP

exports[`Simple react table should render correctly 1`] = `
<Component
  columns={
    Array [
      Array [
        "column-one",
        "First label",
      ],
      Array [
        "column-two",
        "Second label",
        Object {
          "className": "custom-className-of-cells",
        },
      ],
    ]
  }
  rows={
    Array [
      Object {
        "column-one": "Row 1 first column",
        "column-two": <span>
          Custom component for column 2 row 1
        </span>,
      },
      Object {
        "column-one": "Row 2 second column",
        "column-two": <button
          className="button pf-button"
          onClick={[Function]}
          type="button"
        >
          Click me!
        </button>,
      },
    ]
  }
  transform={[Function]}
>
  <Component
    className="table dataTable table-striped table-bordered table-hover"
  >
    <table
      className="table dataTable table-striped table-bordered table-hover"
    >
      <Component>
        <thead>
          <Component>
            <tr>
              <Component
                key="column-one"
              >
                <th>
                  First label
                </th>
              </Component>
              <Component
                className="custom-className-of-cells"
                key="column-two"
              >
                <th
                  className="custom-className-of-cells"
                >
                  Second label
                </th>
              </Component>
            </tr>
          </Component>
        </thead>
      </Component>
      <Component>
        <tbody>
          <Component
            key="row-0"
            onClick={[Function]}
          >
            <tr
              onClick={[Function]}
            >
              <Component
                key="0-column-one"
              >
                <td>
                  Row 1 first column
                </td>
              </Component>
              <Component
                className="custom-className-of-cells"
                key="1-column-two"
              >
                <td
                  className="custom-className-of-cells"
                >
                  <span>
                    Custom component for column 2 row 1
                  </span>
                </td>
              </Component>
            </tr>
          </Component>
          <Component
            key="row-1"
            onClick={[Function]}
          >
            <tr
              onClick={[Function]}
            >
              <Component
                key="0-column-one"
              >
                <td>
                  Row 2 second column
                </td>
              </Component>
              <Component
                className="custom-className-of-cells"
                key="1-column-two"
              >
                <td
                  className="custom-className-of-cells"
                >
                  <button
                    className="button pf-button"
                    onClick={[Function]}
                    type="button"
                  >
                    Click me!
                  </button>
                </td>
              </Component>
            </tr>
          </Component>
        </tbody>
      </Component>
    </table>
  </Component>
</Component>
`;
