// Jest Snapshot v1, https://goo.gl/fbAQLP

exports[`Async credentials component should render correctly 1`] = `
<ContextProvider
  value="async-wrapper"
>
  <DummyComponent
    isDisabled={false}
    key="foo"
    name="foo"
    onChange={[Function]}
  />
  <DummyComponent
    isDisabled={false}
    key="bar"
    name="bar"
    onChange={[Function]}
  />
  <Component
    initialValue={false}
    name="async-wrapper"
    validate={[Function]}
  >
    <Component />
  </Component>
</ContextProvider>
`;
